===== A. status with in1=34.1 (already shown DIRTY vs factory default) =====
studio2riot: 3 nodes, 2 wires -> /tmp/riot-deploy/flow.json
riotc: /tmp/riot-deploy/flow.riot: 78 bytes sha256=e43d060bbb9a188e46ba04347d85a3a6b6127e845ddbac17c35a20ef6b52b0ec
deploy: compiled=e43d060bbb9a188e… (78 B)  board=502a68b30475bf21… running=yes nodes=0
deploy: state = DIRTY

===== B. deploy #1 =====
studio2riot: 3 nodes, 2 wires -> /tmp/riot-deploy/flow.json
riotc: /tmp/riot-deploy/flow.riot: 78 bytes sha256=e43d060bbb9a188e46ba04347d85a3a6b6127e845ddbac17c35a20ef6b52b0ec
deploy: compiled=e43d060bbb9a188e… (78 B)  board=502a68b30475bf21… running=yes nodes=0
deploy: state = DIRTY
                "error": {}
q> [  6.357s] FLOW     /tmp/riot-deploy/flow.riot: 78 bytes sha=e43d060bbb9a188e… (1 chunks)
[  8.059s] FLOW     committed — board persists and restarts in 3 s to load it
deploy: board restarting to load; verifying by readback …
deploy: VERIFIED — board runs e43d060bbb9a188e… running=yes nodes=3
deploy: recorded in history (1 deploys)

===== C. Studio edit: threshold 34.1 -> -5 (a real wiresheet change) =====
PATCH 200
studio2riot: 3 nodes, 2 wires -> /tmp/riot-deploy/flow.json
riotc: /tmp/riot-deploy/flow.riot: 78 bytes sha256=b2d6915546b5d7ff7748b0dc2b7f7758cd9d47baec3b334d3be91fa7475fa979
deploy: compiled=b2d6915546b5d7ff… (78 B)  board=e43d060bbb9a188e… running=yes nodes=3
deploy: state = DIRTY

===== D. deploy #2 (the edit) =====
studio2riot: 3 nodes, 2 wires -> /tmp/riot-deploy/flow.json
riotc: /tmp/riot-deploy/flow.riot: 78 bytes sha256=b2d6915546b5d7ff7748b0dc2b7f7758cd9d47baec3b334d3be91fa7475fa979
deploy: compiled=b2d6915546b5d7ff… (78 B)  board=e43d060bbb9a188e… running=yes nodes=3
deploy: state = DIRTY
                "error": {}
q> [  6.395s] FLOW     /tmp/riot-deploy/flow.riot: 78 bytes sha=b2d6915546b5d7ff… (1 chunks)
[  7.898s] FLOW     committed — board persists and restarts in 3 s to load it
deploy: board restarting to load; verifying by readback …
deploy: VERIFIED — board runs b2d6915546b5d7ff… running=yes nodes=3
deploy: recorded in history (2 deploys)

===== E. STOP THE HOST — the flow must keep working =====
CE processes: 0
0
q>   flow: sha=b2d6915546b5d7ff7748b0dc2b7f7758cd9d47baec3b334d3be91fa7475fa979
        running=yes  nodes=3  received=0
                    "point_id": 100170,
                    "value": 1,
                    "quality": "Q_GOOD",

===== F. foreign flow demo: another actor uploads something unknown =====
                "error": {}
[  7.201s] FLOW     committed — board persists and restarts in 3 s to load it


deploy rc=1 (3 = refused, as designed)

===== G. restore bench: factory default + CE + threshold =====
                "error": {}
[  7.389s] FLOW     committed — board persists and restarts in 3 s to load it
threshold restored 000
q>   flow: sha=502a68b30475bf21cc580d03e96efa44c34893c195df8975a67b6c1dbcb4ac6d
        running=yes  nodes=0  received=0
